[digitonaut.com/art/tangled/index.html]
[digitonaut.com/art/technical_collapse/index.html]
[digitonaut.com/art/terminal_particules/index.html]
[backblue.gif]
[fade.gif]
[index.html]
[digitonaut.com/art/terra_cognita/index.html]
[digitonaut.com/art/tangled/openProcessing.js]
[digitonaut.com/art/terraced_hills/index.html]
[digitonaut.com/art/terraform/index.html]
[digitonaut.com/art/the_carrot_dimension/index.html]
[digitonaut.com/art/tetradic_harmony/index.html]
[digitonaut.com/art/the_corner/index.html]
[digitonaut.com/art/the_corridor_of_logic/index.html]
[digitonaut.com/art/the_descent/index.html]
[digitonaut.com/art/the_illusion/index.html]
[digitonaut.com/art/the_inversion_machine/index.html]
[digitonaut.com/art/the_popular_shader/index.html]
[digitonaut.com/art/the_pulse/index.html]
[digitonaut.com/art/the_road_to_hell/index.html]
[digitonaut.com/art/the_tomb/index.html]
[digitonaut.com/art/tinypolyworld/index.html]
[digitonaut.com/art/torus_journey/index.html]
[digitonaut.com/art/torus_room/index.html]
[digitonaut.com/art/torus_thingy/index.html]
[digitonaut.com/art/toshiya_particules/index.html]
[digitonaut.com/art/traced_tunel/index.html]
[digitonaut.com/art/train_ride/index.html]
[digitonaut.com/art/transparent_3d_noise/index.html]
[digitonaut.com/art/transparent_cube_field/index.html]
[digitonaut.com/art/tri_noise_soupe/index.html]
[digitonaut.com/art/triangle_grid_contouring/index.html]
[digitonaut.com/art/triangular_art/index.html]
[digitonaut.com/art/tangled/script.js]
[digitonaut.com/art/tangled/index.html]
[digitonaut.com/art/tribalistic/index.html]
[digitonaut.com/art/trigochiselled_shaft_descent/index.html]
[digitonaut.com/art/triangular_mechanism/index.html]
[digitonaut.com/art/trippy_circles_kaleidoscope/index.html]
[digitonaut.com/art/trippy_hue_boids/index.html]
[digitonaut.com/art/truchet_almost_street_art/index.html]
[digitonaut.com/art/technical_collapse/shader-web-background.min.js]
[digitonaut.com/art/technical_collapse/index.html]
[digitonaut.com/art/truchet_clock/index.html]
[digitonaut.com/art/truchet_flower/index.html]
[digitonaut.com/art/tubes_factory/index.html]
[digitonaut.com/art/tunel_orange_light/index.html]
[digitonaut.com/art/tunnel/index.html]
[digitonaut.com/art/terminal_particules/style.css]
[digitonaut.com/art/tunnel_balkhan/index.html]
[digitonaut.com/art/tunnel_squared/index.html]
[digitonaut.com/art/terminal_particules/Stats.min.js]
[digitonaut.com/art/tunnel_vision/index.html]
[digitonaut.com/art/terminal_particules/index.html]
[digitonaut.com/art/terminal_particules/script.js]
[digitonaut.com/art/twitch_braid/index.html]
[digitonaut.com/art/terra_cognita/css/style.css]
[digitonaut.com/art/terra_cognita/audio/chopin-nocturne-in-d-flat-major-op-27-no-2.mp3]
[digitonaut.com/art/tv_noise/index.html]
[digitonaut.com/art/terra_cognita/js/terra.js]
[digitonaut.com/art/terra_cognita/index.html]
[digitonaut.com/art/terraced_hills/shader-web-background.min.js]
[digitonaut.com/art/terraced_hills/index.html]
[digitonaut.com/art/terra_cognita/js/vendor/three.min.js]
[digitonaut.com/art/terraform/main.js]
[digitonaut.com/art/terraform/three.min.js]
[digitonaut.com/art/terraform/index.html]
[digitonaut.com/art/tetradic_harmony/index.html]
[digitonaut.com/art/tetradic_harmony/script.js]
[digitonaut.com/art/the_carrot_dimension/ccapture.js]
[digitonaut.com/art/the_carrot_dimension/script.js]
[digitonaut.com/art/the_carrot_dimension/index.html]
[digitonaut.com/art/the_carrot_dimension/88_three.min.js]
[digitonaut.com/art/the_corner/main.js]
[digitonaut.com/art/the_corner/index.html]
[digitonaut.com/art/the_corner/three.min.js]
[digitonaut.com/art/the_corridor_of_logic/main.js]
[digitonaut.com/art/the_corridor_of_logic/index.html]
[digitonaut.com/art/the_descent/shader-web-background.min.js]
[digitonaut.com/art/the_descent/index.html]
[digitonaut.com/art/the_illusion/script.js]
[digitonaut.com/art/the_illusion/index.html]
[digitonaut.com/art/the_inversion_machine/shader-web-background.min.js]
[digitonaut.com/art/the_inversion_machine/index.html]
[digitonaut.com/art/the_popular_shader/shader-web-background.min.js]
[digitonaut.com/art/the_popular_shader/index.html]
[digitonaut.com/art/the_pulse/shader-web-background.min.js]
[digitonaut.com/art/the_pulse/index.html]
[digitonaut.com/art/the_road_to_hell/shader-web-background.min.js]
[digitonaut.com/art/the_road_to_hell/index.html]
[digitonaut.com/art/the_corridor_of_logic/three.min.js]
[digitonaut.com/art/the_tomb/ccapture.js]
[digitonaut.com/art/the_tomb/script.js]
[digitonaut.com/art/the_tomb/index.html]
[digitonaut.com/art/the_tomb/88_three.min.js]
[digitonaut.com/art/tinypolyworld/script.js]
[digitonaut.com/art/tinypolyworld/index.html]
[digitonaut.com/art/tangled/p5.js]
[digitonaut.com/art/torus_journey/index.html]
[digitonaut.com/art/torus_journey/shader-web-background.min.js]
[digitonaut.com/art/torus_room/index.html]
[digitonaut.com/art/torus_room/main.js]
[digitonaut.com/art/torus_thingy/shader-web-background.min.js]
[digitonaut.com/art/torus_thingy/index.html]
[digitonaut.com/art/toshiya_particules/style.css]
[digitonaut.com/art/toshiya_particules/script.js]
[digitonaut.com/art/toshiya_particules/index.html]
[digitonaut.com/art/tinypolyworld/86_three.min.js]
[digitonaut.com/art/traced_tunel/shader-web-background.min.js]
[digitonaut.com/art/traced_tunel/ichannel0.jpg]
[digitonaut.com/art/traced_tunel/ichannel1.jpg]
[digitonaut.com/art/torus_room/three.min.js]
[digitonaut.com/art/traced_tunel/index.html]
[digitonaut.com/art/train_ride/main.js]
[digitonaut.com/art/train_ride/index.html]
[digitonaut.com/art/transparent_3d_noise/shader-web-background.min.js]
[digitonaut.com/art/transparent_3d_noise/index.html]
[digitonaut.com/art/transparent_cube_field/shader-web-background.min.js]
[digitonaut.com/art/transparent_cube_field/index.html]
[digitonaut.com/art/tri_noise_soupe/script.js]
[digitonaut.com/art/tri_noise_soupe/index.html]
[digitonaut.com/art/triangle_grid_contouring/shader-web-background.min.js]
[digitonaut.com/art/triangle_grid_contouring/index.html]
[digitonaut.com/art/triangular_art/openProcessing.js]
[digitonaut.com/art/train_ride/three.min.js]
[digitonaut.com/art/triangular_art/index.html]
[digitonaut.com/art/triangular_art/script.js]
[digitonaut.com/art/triangular_mechanism/shader-web-background.min.js]
[digitonaut.com/art/triangular_mechanism/index.html]
[digitonaut.com/art/tri_noise_soupe/88_three.min.js]
[digitonaut.com/art/tribalistic/main.js]
[digitonaut.com/art/tribalistic/index.html]
[digitonaut.com/art/trigochiselled_shaft_descent/shader-web-background.min.js]
[digitonaut.com/art/trigochiselled_shaft_descent/ichannel0.jpg]
[digitonaut.com/art/tribalistic/three.min.js]
[digitonaut.com/art/trigochiselled_shaft_descent/index.html]
[digitonaut.com/art/trippy_circles_kaleidoscope/95_three.min.js]
[digitonaut.com/art/trippy_circles_kaleidoscope/script.js]
[digitonaut.com/art/trippy_circles_kaleidoscope/index.html]
[digitonaut.com/art/trippy_hue_boids/script.js]
[digitonaut.com/art/trippy_hue_boids/index.html]
[digitonaut.com/art/truchet_almost_street_art/script.js]
[digitonaut.com/art/truchet_almost_street_art/index.html]
[digitonaut.com/art/truchet_clock/openProcessing.js]
[digitonaut.com/art/truchet_clock/script.js]
[digitonaut.com/art/truchet_clock/index.html]
[digitonaut.com/art/truchet_flower/script.js]
[digitonaut.com/art/truchet_flower/index.html]
[digitonaut.com/art/tubes_factory/three.min.js]
[digitonaut.com/art/tubes_factory/main.js]
[digitonaut.com/art/tubes_factory/index.html]
[digitonaut.com/art/tunel_orange_light/shader-web-background.min.js]
[digitonaut.com/art/tunel_orange_light/index.html]
[digitonaut.com/art/tunnel/shader-web-background.min.js]
[digitonaut.com/art/tunnel/index.html]
[digitonaut.com/art/tunnel_balkhan/shader-web-background.min.js]
[digitonaut.com/art/tunnel_balkhan/index.html]
[digitonaut.com/art/triangular_art/p5.js]
[digitonaut.com/art/tunnel_squared/main.js]
[digitonaut.com/art/tunnel_squared/index.html]
[digitonaut.com/art/tunnel_squared/three.min.js]
[digitonaut.com/art/tunnel_vision/script.js]
[digitonaut.com/art/tunnel_vision/index.html]
[digitonaut.com/art/tunnel_vision/124_three.min.js]
[digitonaut.com/art/tv_noise/main.js]
[digitonaut.com/art/tv_noise/index.html]
[digitonaut.com/art/tv_noise/three.min.js]
[digitonaut.com/art/twitch_braid/index.html]
[digitonaut.com/art/terminal_particules/reset.min.css]
[digitonaut.com/art/terminal_particules/style.css]
[digitonaut.com/art/terra_cognita/css/style.css]
[digitonaut.com/art/terra_cognita/img/options.svg]
[digitonaut.com/art/terra_cognita/img/fullscreen.svg]
[digitonaut.com/art/twitch_braid/shader-web-background.min.js]
[digitonaut.com/art/truchet_clock/p5.js]
[digitonaut.com/art/terraform/main.css]
[digitonaut.com/art/tetradic_harmony/style.css]
[digitonaut.com/art/the_carrot_dimension/style.css]
[digitonaut.com/art/the_corner/main.css]
[digitonaut.com/art/the_corridor_of_logic/main.css]
[digitonaut.com/art/the_illusion/style.css]
[digitonaut.com/art/the_tomb/style.css]
[digitonaut.com/art/tinypolyworld/style.css]
[digitonaut.com/art/torus_room/main.css]
[digitonaut.com/art/toshiya_particules/style.css]
[digitonaut.com/art/train_ride/main.css]
[digitonaut.com/art/tri_noise_soupe/style.css]
[digitonaut.com/art/tribalistic/main.css]
[digitonaut.com/art/trippy_circles_kaleidoscope/style.css]
[digitonaut.com/art/trippy_hue_boids/style.css]
[digitonaut.com/art/truchet_almost_street_art/reset.min.css]
[digitonaut.com/art/truchet_flower/style.css]
[digitonaut.com/art/tubes_factory/main.css]
[digitonaut.com/art/tunnel_squared/main.css]
[digitonaut.com/art/tunnel_vision/style.css]
[digitonaut.com/art/tv_noise/main.css]
